debug 2026/03/11 18:34:09 3
debug 2026/03/11 18:34:09 3
debug 2026/03/11 18:34:12 3
debug 2026/03/11 18:34:12 3
debug 2026/03/11 18:34:12 3
debug 2026/03/11 18:34:12 3
debug 2026/03/11 18:34:14 3
debug 2026/03/11 18:34:14 3
debug 2026/03/11 18:34:15 3
debug 2026/03/11 18:34:15 3
debug 2026/03/11 18:39:59 3
debug 2026/03/11 18:49:26 3
debug 2026/03/11 18:49:31 3
debug 2026/03/11 18:49:31 3
debug 2026/03/11 22:39:57 3
debug 2026/03/11 22:39:57 3
debug 2026/03/12 17:07:01 3
debug 2026/03/12 17:07:01 3
debug 2026/03/12 17:07:05 3
debug 2026/03/12 17:07:05 3
debug 2026/03/12 17:07:05 3
debug 2026/03/12 17:07:05 3
debug 2026/03/12 17:07:05 3
debug 2026/03/12 17:07:05 3
debug 2026/03/12 17:07:05 3
debug 2026/03/12 17:07:06 3
debug 2026/03/12 17:07:06 3
debug 2026/03/12 17:07:06 3
debug 2026/03/12 17:07:06 3
debug 2026/03/12 17:07:06 3
debug 2026/03/12 17:07:06 3
debug 2026/03/12 17:07:06 3
debug 2026/03/12 17:07:06 3
debug 2026/03/12 17:07:06 3
debug 2026/03/12 17:07:06 3
debug 2026/03/12 17:07:06 3
debug 2026/03/12 17:07:06 3
debug 2026/03/12 17:07:07 3
debug 2026/03/12 17:07:07 3
debug 2026/03/12 17:07:07 3
debug 2026/03/12 17:07:07 3
debug 2026/03/12 17:07:07 3
debug 2026/03/12 17:07:07 3
debug 2026/03/12 17:07:07 3
debug 2026/03/12 17:07:07 3
debug 2026/03/12 17:07:08 3
debug 2026/03/12 17:07:08 3
debug 2026/03/12 17:07:08 3
debug 2026/03/12 17:07:08 3
debug 2026/03/12 17:07:08 3
debug 2026/03/12 17:07:08 3
debug 2026/03/12 17:07:09 3
debug 2026/03/12 17:07:09 3
debug 2026/03/12 17:07:09 3
debug 2026/03/12 17:07:09 3
debug 2026/03/12 17:07:10 3
debug 2026/03/12 17:07:22 3
debug 2026/03/12 17:07:22 3
debug 2026/03/12 17:07:22 3
debug 2026/03/12 17:07:22 3
debug 2026/03/12 17:07:22 3
debug 2026/03/12 17:07:22 3
debug 2026/03/12 17:07:22 3
debug 2026/03/12 17:07:22 3
debug 2026/03/12 17:07:22 3
debug 2026/03/12 17:07:22 3
debug 2026/03/12 17:07:22 3
debug 2026/03/12 17:07:22 3
debug 2026/03/12 17:07:22 3
debug 2026/03/12 17:07:22 3
debug 2026/03/12 17:07:22 3
debug 2026/03/12 17:07:22 3
debug 2026/03/12 17:07:22 3
debug 2026/03/12 17:07:22 3
debug 2026/03/12 17:07:22 3
debug 2026/03/12 17:07:23 3
debug 2026/03/12 17:07:23 3
debug 2026/03/12 17:07:23 3
debug 2026/03/12 17:07:23 3
debug 2026/03/12 17:07:23 3
debug 2026/03/12 17:07:23 3
debug 2026/03/12 17:07:24 3
debug 2026/03/12 17:07:25 3
debug 2026/03/12 17:07:25 3
debug 2026/03/12 17:07:26 3
debug 2026/03/12 17:07:26 3
debug 2026/03/12 17:07:26 3
debug 2026/03/12 17:07:26 3
debug 2026/03/12 17:07:26 3
debug 2026/03/12 17:07:26 3
debug 2026/03/12 17:07:26 3
debug 2026/03/12 17:07:26 3
debug 2026/03/12 17:07:26 3
debug 2026/03/12 17:07:26 3
debug 2026/03/12 17:07:26 3
debug 2026/03/12 17:07:27 3
debug 2026/03/12 17:07:30 3
debug 2026/03/12 17:07:30 3
debug 2026/03/12 17:07:30 3
debug 2026/03/12 17:07:30 3
debug 2026/03/12 17:07:30 3
debug 2026/03/12 17:07:30 3
debug 2026/03/12 17:07:30 3
debug 2026/03/12 17:07:30 3
debug 2026/03/12 17:07:30 3
debug 2026/03/12 17:07:31 3
debug 2026/03/12 17:07:31 3
debug 2026/03/12 17:07:31 3
debug 2026/03/12 17:07:31 3
debug 2026/03/12 17:07:31 3
debug 2026/03/12 17:07:31 3
debug 2026/03/12 17:07:31 3
debug 2026/03/12 17:07:31 3
debug 2026/03/12 17:07:31 3
debug 2026/03/12 17:07:31 3
debug 2026/03/12 17:07:32 3
debug 2026/03/12 17:07:32 3
debug 2026/03/12 17:07:32 3
debug 2026/03/12 17:07:32 3
debug 2026/03/12 17:07:32 3
debug 2026/03/12 17:07:32 3
debug 2026/03/12 17:07:32 3
debug 2026/03/12 17:07:32 3
debug 2026/03/12 17:07:33 3
debug 2026/03/12 17:07:34 3
debug 2026/03/12 17:07:34 3
debug 2026/03/12 17:07:35 3
debug 2026/03/12 17:07:35 3
debug 2026/03/12 17:07:35 3
debug 2026/03/12 17:07:35 3
debug 2026/03/12 17:07:35 3
debug 2026/03/12 17:07:35 3
debug 2026/03/12 17:07:35 3
debug 2026/03/12 17:07:35 3
debug 2026/03/12 17:07:35 3
debug 2026/03/12 17:07:35 3
debug 2026/03/12 17:07:35 3
debug 2026/03/12 17:07:36 3
debug 2026/03/12 17:07:36 3
debug 2026/03/12 17:07:36 3
debug 2026/03/12 17:07:36 3
debug 2026/03/12 17:07:36 3
debug 2026/03/12 17:07:36 3
debug 2026/03/12 17:07:36 3
debug 2026/03/12 17:07:36 3
debug 2026/03/12 17:07:36 3
debug 2026/03/12 17:07:36 3
debug 2026/03/12 17:07:37 3
debug 2026/03/12 17:07:38 3
debug 2026/03/12 17:07:39 3
debug 2026/03/12 17:07:43 3
debug 2026/03/12 17:07:43 3
debug 2026/03/12 17:07:43 3
debug 2026/03/12 17:07:43 3
debug 2026/03/12 17:07:43 3
debug 2026/03/12 17:07:44 3
debug 2026/03/12 17:07:44 3
debug 2026/03/12 17:07:44 3
debug 2026/03/12 17:07:44 3
debug 2026/03/12 17:07:44 3
debug 2026/03/12 17:07:44 3
debug 2026/03/12 17:07:45 3
debug 2026/03/12 17:07:45 3
debug 2026/03/12 17:07:45 3
debug 2026/03/12 17:07:45 3
debug 2026/03/12 17:07:45 3
debug 2026/03/12 17:07:45 3
debug 2026/03/12 17:07:45 3
debug 2026/03/12 17:07:45 3
debug 2026/03/12 17:07:45 3
debug 2026/03/12 17:07:45 3
debug 2026/03/12 17:07:46 3
debug 2026/03/12 17:07:46 3
debug 2026/03/12 17:07:46 3
debug 2026/03/12 17:07:46 3
debug 2026/03/12 17:07:46 3
debug 2026/03/12 17:07:46 3
debug 2026/03/12 17:07:46 3
debug 2026/03/12 17:07:46 3
debug 2026/03/12 17:07:47 3
debug 2026/03/12 17:07:47 3
debug 2026/03/12 17:07:47 3
debug 2026/03/12 17:07:47 3
debug 2026/03/12 17:07:47 3
debug 2026/03/12 17:07:47 3
debug 2026/03/12 17:07:47 3
debug 2026/03/12 17:07:48 3
debug 2026/03/12 17:07:48 3
debug 2026/03/12 17:07:48 3
debug 2026/03/12 17:07:48 3
debug 2026/03/12 17:07:48 3
debug 2026/03/12 17:07:48 3
debug 2026/03/12 17:07:48 3
debug 2026/03/12 17:07:48 3
debug 2026/03/12 17:07:48 3
debug 2026/03/12 17:07:48 3
debug 2026/03/12 17:07:48 3
debug 2026/03/12 17:07:49 3
debug 2026/03/12 17:07:49 3
debug 2026/03/12 17:07:49 3
debug 2026/03/12 17:07:49 3
debug 2026/03/12 17:07:49 3
debug 2026/03/12 17:07:49 3
debug 2026/03/12 17:07:49 3
debug 2026/03/12 17:07:49 3
debug 2026/03/12 17:07:49 3
debug 2026/03/12 17:07:49 3
debug 2026/03/12 17:07:50 3
debug 2026/03/12 17:07:50 3
debug 2026/03/12 17:07:50 3
debug 2026/03/12 17:07:50 3
debug 2026/03/12 17:07:50 3
debug 2026/03/12 17:07:51 3
debug 2026/03/12 17:07:53 3
debug 2026/03/12 17:07:53 3
debug 2026/03/12 17:07:54 3
debug 2026/03/12 17:07:54 3
debug 2026/03/12 17:07:54 3
debug 2026/03/12 17:07:54 3
debug 2026/03/12 17:07:54 3
debug 2026/03/12 17:07:54 3
debug 2026/03/12 17:07:54 3
debug 2026/03/12 17:07:54 3
debug 2026/03/12 17:07:54 3
debug 2026/03/12 17:07:54 3
debug 2026/03/12 17:07:54 3
debug 2026/03/12 17:07:54 3
debug 2026/03/12 17:07:54 3
debug 2026/03/12 17:07:54 3
debug 2026/03/12 17:07:54 3
debug 2026/03/12 17:07:54 3
debug 2026/03/12 17:07:54 3
debug 2026/03/12 17:07:54 3
debug 2026/03/12 17:07:54 3
debug 2026/03/12 17:07:54 3
debug 2026/03/12 17:07:54 3
debug 2026/03/12 17:07:55 3
debug 2026/03/12 17:07:55 3
debug 2026/03/12 17:07:55 3
debug 2026/03/12 17:07:55 3
debug 2026/03/12 17:07:56 3
debug 2026/03/12 17:07:56 3
debug 2026/03/12 17:07:56 Artist: simon & garfunkel Release: bridge over troubled water
debug 2026/03/12 17:08:08 3
debug 2026/03/12 17:08:08 {{12 0} [0x213a718e0fc0 0x213a718e1180 0x213a718e1340 0x213a718e1500 0x213a718e16c0 0x213a718e1880 0x213a718e1a40 0x213a718e1c00 0x213a71ad2000 0x213a71ad21c0 0x213a71ad2380 0x213a71ad2540] map[0x213a718e0fc0:100 0x213a718e1180:100 0x213a718e1340:100 0x213a718e1500:100 0x213a718e16c0:100 0x213a718e1880:100 0x213a718e1a40:100 0x213a718e1c00:100 0x213a71ad2000:100 0x213a71ad21c0:100 0x213a71ad2380:100 0x213a71ad2540:100]}
debug 2026/03/12 17:08:18 Side length: 2234064.000000
debug 2026/03/12 17:08:18 converted Side length: 2234.064000
debug 2026/03/12 17:08:18 Audacity Side length 2206.000000
debug 2026/03/12 17:08:18 Length difference: 28.064000
debug 2026/03/12 17:08:18 Length total: 4440.064000
debug 2026/03/12 17:08:18 Length mod: 4440.064000
debug 2026/03/12 17:08:18 Song length 292653.000000
debug 2026/03/12 17:08:18 Song length after mod 293577.875609
debug 2026/03/12 17:08:18 Song length converted to correct time 293.577876
debug 2026/03/12 17:08:18 Song length 188333.000000
debug 2026/03/12 17:08:18 Song length after mod 188928.191568
debug 2026/03/12 17:08:18 Song length converted to correct time 188.928192
debug 2026/03/12 17:08:18 Song length 174866.000000
debug 2026/03/12 17:08:18 Song length after mod 175418.631609
debug 2026/03/12 17:08:18 Song length converted to correct time 175.418632
debug 2026/03/12 17:08:18 Song length 157000.000000
debug 2026/03/12 17:08:18 Song length after mod 157496.169425
debug 2026/03/12 17:08:18 Song length converted to correct time 157.496169
debug 2026/03/12 17:08:18 Song length 225000.000000
debug 2026/03/12 17:08:18 Song length after mod 225711.070831
debug 2026/03/12 17:08:18 Song length converted to correct time 225.711071
debug 2026/03/12 17:08:18 Song length 310013.000000
debug 2026/03/12 17:08:18 Song length after mod 310992.738674
debug 2026/03/12 17:08:18 Song length converted to correct time 310.992739
debug 2026/03/12 17:08:18 Song length 197000.000000
debug 2026/03/12 17:08:18 Song length after mod 197622.582017
debug 2026/03/12 17:08:18 Song length converted to correct time 197.622582
debug 2026/03/12 17:08:18 Song length 240093.000000
debug 2026/03/12 17:08:18 Song length after mod 240851.769463
debug 2026/03/12 17:08:18 Song length converted to correct time 240.851769
debug 2026/03/12 17:08:18 Song length 166000.000000
debug 2026/03/12 17:08:18 Song length after mod 166524.612258
debug 2026/03/12 17:08:18 Song length converted to correct time 166.524612
debug 2026/03/12 17:08:18 Song length 173000.000000
debug 2026/03/12 17:08:18 Song length after mod 173546.734461
debug 2026/03/12 17:08:18 Song length converted to correct time 173.546734
debug 2026/03/12 17:08:18 Song length 110106.000000
debug 2026/03/12 17:08:18 Song length after mod 110453.969622
debug 2026/03/12 17:08:18 Song length converted to correct time 110.453970
debug 2026/03/12 17:08:18 {{0 0 2206 0 Bridge Over Troubled Water} [{Bridge Over Troubled Water 292653 1} {El cóndor pasa (If I Could) 188333 2} {Cecilia 174866 3} {Keep the Customer Satisfied 157000 4} {So Long, Frank Lloyd Wright 225000 5} {The Boxer 310013 6} {Baby Driver 197000 7} {The Only Living Boy in New York 240093 8} {Why Don’t You Write Me 166000 9} {Bye Bye Love 173000 10} {Song for the Asking 110106 11}] 0 2234.064 0.0031603148062730457}
debug 2026/03/12 17:08:18 {0 0 2206 0 Bridge Over Troubled Water}
debug 2026/03/12 17:08:18 Exporting songs
debug 2026/03/12 17:08:18 offset: 0.000000 song length: 294.577876
debug 2026/03/12 17:08:18 Send: >>> 
Select: End="294.577876" RelativeTo="ProjectStart" Start="0.000000"
debug 2026/03/12 17:08:18 Send: >>> 
Export2: Filename="/home/z-geary/code/RipR/bridge over troubled water/1_Bridge Over Troubled Water.flac" NumChannels="2"
debug 2026/03/12 17:08:20 294.5778756090003
debug 2026/03/12 17:08:20 Exporting songs
debug 2026/03/12 17:08:20 offset: 294.577876 song length: 189.928192
debug 2026/03/12 17:08:20 Send: >>> 
Select: End="484.506067" RelativeTo="ProjectStart" Start="294.577876"
debug 2026/03/12 17:08:20 Send: >>> 
Export2: Filename="/home/z-geary/code/RipR/bridge over troubled water/2_El cóndor pasa (If I Could).flac" NumChannels="2"
debug 2026/03/12 17:08:21 484.5060671774101
debug 2026/03/12 17:08:21 Exporting songs
debug 2026/03/12 17:08:21 offset: 484.506067 song length: 176.418632
debug 2026/03/12 17:08:21 Send: >>> 
Select: End="660.924699" RelativeTo="ProjectStart" Start="484.506067"
debug 2026/03/12 17:08:21 Send: >>> 
Export2: Filename="/home/z-geary/code/RipR/bridge over troubled water/3_Cecilia.flac" NumChannels="2"
debug 2026/03/12 17:08:22 660.9246987863239
debug 2026/03/12 17:08:22 Exporting songs
debug 2026/03/12 17:08:22 offset: 660.924699 song length: 158.496169
debug 2026/03/12 17:08:22 Send: >>> 
Select: End="819.420868" RelativeTo="ProjectStart" Start="660.924699"
debug 2026/03/12 17:08:22 Send: >>> 
Export2: Filename="/home/z-geary/code/RipR/bridge over troubled water/4_Keep the Customer Satisfied.flac" NumChannels="2"
debug 2026/03/12 17:08:23 819.4208682109088
debug 2026/03/12 17:08:23 Exporting songs
debug 2026/03/12 17:08:23 offset: 819.420868 song length: 226.711071
debug 2026/03/12 17:08:23 Send: >>> 
Select: End="1046.131939" RelativeTo="ProjectStart" Start="819.420868"
debug 2026/03/12 17:08:23 Send: >>> 
Export2: Filename="/home/z-geary/code/RipR/bridge over troubled water/5_So Long, Frank Lloyd Wright.flac" NumChannels="2"
debug 2026/03/12 17:08:24 1046.1319390423203
debug 2026/03/12 17:08:24 Exporting songs
debug 2026/03/12 17:08:24 offset: 1046.131939 song length: 311.992739
debug 2026/03/12 17:08:24 Send: >>> 
Select: End="1358.124678" RelativeTo="ProjectStart" Start="1046.131939"
debug 2026/03/12 17:08:24 Send: >>> 
Export2: Filename="/home/z-geary/code/RipR/bridge over troubled water/6_The Boxer.flac" NumChannels="2"
debug 2026/03/12 17:08:26 1358.1246777163574
debug 2026/03/12 17:08:26 Exporting songs
debug 2026/03/12 17:08:26 offset: 1358.124678 song length: 198.622582
debug 2026/03/12 17:08:26 Send: >>> 
Select: End="1556.747260" RelativeTo="ProjectStart" Start="1358.124678"
debug 2026/03/12 17:08:26 Send: >>> 
Export2: Filename="/home/z-geary/code/RipR/bridge over troubled water/7_Baby Driver.flac" NumChannels="2"
debug 2026/03/12 17:08:27 1556.7472597331932
debug 2026/03/12 17:08:27 Exporting songs
debug 2026/03/12 17:08:27 offset: 1556.747260 song length: 241.851769
debug 2026/03/12 17:08:27 Send: >>> 
Select: End="1798.599029" RelativeTo="ProjectStart" Start="1556.747260"
debug 2026/03/12 17:08:27 Send: >>> 
Export2: Filename="/home/z-geary/code/RipR/bridge over troubled water/8_The Only Living Boy in New York.flac" NumChannels="2"
debug 2026/03/12 17:08:28 1798.5990291959756
debug 2026/03/12 17:08:28 Exporting songs
debug 2026/03/12 17:08:28 offset: 1798.599029 song length: 167.524612
debug 2026/03/12 17:08:28 Send: >>> 
Select: End="1966.123641" RelativeTo="ProjectStart" Start="1798.599029"
debug 2026/03/12 17:08:28 Send: >>> 
Export2: Filename="/home/z-geary/code/RipR/bridge over troubled water/9_Why Don’t You Write Me.flac" NumChannels="2"
debug 2026/03/12 17:08:29 1966.1236414538168
debug 2026/03/12 17:08:29 Exporting songs
debug 2026/03/12 17:08:29 offset: 1966.123641 song length: 174.546734
debug 2026/03/12 17:08:29 Send: >>> 
Select: End="2140.670376" RelativeTo="ProjectStart" Start="1966.123641"
debug 2026/03/12 17:08:29 Send: >>> 
Export2: Filename="/home/z-geary/code/RipR/bridge over troubled water/10_Bye Bye Love.flac" NumChannels="2"
debug 2026/03/12 17:08:30 2140.670375915302
debug 2026/03/12 17:08:30 Exporting songs
debug 2026/03/12 17:08:30 offset: 2140.670376 song length: 111.453970
debug 2026/03/12 17:08:30 Send: >>> 
Select: End="2252.124346" RelativeTo="ProjectStart" Start="2140.670376"
debug 2026/03/12 17:08:30 Send: >>> 
Export2: Filename="/home/z-geary/code/RipR/bridge over troubled water/11_Song for the Asking.flac" NumChannels="2"
debug 2026/03/12 17:08:30 2252.1243455373615
debug 2026/03/12 17:08:30 3
debug 2026/03/12 17:08:31 3
debug 2026/03/12 17:08:39 3
debug 2026/03/12 17:09:24 3
debug 2026/03/12 17:09:24 3
debug 2026/03/12 17:09:24 3
debug 2026/03/12 17:09:25 3
debug 2026/03/12 17:09:25 3
debug 2026/03/12 17:09:25 3
debug 2026/03/12 17:09:26 3
debug 2026/03/12 17:09:26 3
debug 2026/03/12 17:09:26 3
debug 2026/03/12 17:09:26 3
debug 2026/03/12 17:09:26 3
debug 2026/03/12 17:09:45 3
debug 2026/03/12 17:11:48 3
debug 2026/03/12 17:12:03 3
debug 2026/03/12 17:12:04 3
debug 2026/03/12 17:13:00 3
debug 2026/03/18 02:53:15 Artist: test Release: test
